*----------------------------------------------------------------------------------------
*	Innovus 19.17-s077_1 (64bit) 12/01/2020 11:09 (Linux 2.6.32-431.11.2.el6.x86_64)
*	
*
* 	Date & Time:	2022-Mar-14 17:45:09 (2022-Mar-15 00:45:09 GMT)
*
*----------------------------------------------------------------------------------------
*
*	Design: fullchip
*
*	Liberty Libraries used: 
*	        WC_VIEW: /home/linux/ieng6/ee260bwi22/public/PDKdata/lib/tcbn65gpluswc.lib
*
*	Power Domain used: 
*              Rail:        VDD      Voltage:        0.9 
*
*       Power View : WC_VIEW
*
*       User-Defined Activity : N.A.
*
*       Activity File: N.A.
*
*       Hierarchical Global Activity: N.A.
*
*       Global Activity: N.A.
*
*       Sequential Element Activity: 0.200000
*
*       Primary Input Activity: 0.200000
*
*       Default icg ratio: N.A.
*
*       Global Comb ClockGate Ratio: N.A.
*
*	Power Units = 1mW
*
*	Time Units = 1e-09 secs 
*
*       report_power -outfile fullchip.post_route.power.rpt
*
-----------------------------------------------------------------------------------------


Total Power 
-----------------------------------------------------------------------------------------
Total Internal Power:      175.98473966 	   65.5929%
Total Switching Power:      88.64746123 	   33.0406%
Total Leakage Power:         3.66637868 	    1.3665%
Total Power:               268.29857900 
-----------------------------------------------------------------------------------------


Group                           Internal   Switching     Leakage       Total  Percentage 
                                Power      Power         Power         Power  (%)        
-----------------------------------------------------------------------------------------
Sequential                         99.94       5.692      0.7193       106.4       39.64 
Macro                                  0           0           0           0           0 
IO                                     0           0           0           0           0 
Physical-Only                          0           0      0.9945      0.9945      0.3707 
Combinational                      69.43       66.22       1.908       137.6       51.27 
Clock (Combinational)              6.616       16.74      0.0442        23.4        8.72 
Clock (Sequential)                     0           0           0           0           0 
-----------------------------------------------------------------------------------------
Total                                176       88.65       3.666       268.3         100 
-----------------------------------------------------------------------------------------


Rail                  Voltage   Internal   Switching     Leakage       Total  Percentage 
                                Power      Power         Power         Power  (%)        
-----------------------------------------------------------------------------------------
VDD                       0.9        176       88.65       3.666       268.3         100 


Clock                           Internal   Switching     Leakage       Total  Percentage 
                                Power      Power         Power         Power  (%)        
-----------------------------------------------------------------------------------------
clk                                6.616       16.74      0.0442        23.4        8.72 
-----------------------------------------------------------------------------------------
Total (excluding duplicates)       6.616       16.74      0.0442        23.4        8.72 
-----------------------------------------------------------------------------------------
Clock: clk
Clock Period: 0.001000 usec 
Clock Toggle Rate:  2000.0000 Mhz 
Clock Static Probability:  0.5000



-----------------------------------------------------------------------------------------
*	Power Distribution Summary: 
*                Highest Average Power: core_instance/CTS_ccl_a_buf_00266 (CKBD16):           0.1609 
*                Highest Leakage Power: core_instance/mac_array_instance/col_idx_1__mac_col_inst/mac_16in_instance/U1397 (FA1D4):        0.0002671 
*          Total Cap:      4.47541e-10 F
*          Total instances in design: 95965
*          Total instances in design with no power:     0
*          Total instances in design with no activity:     0
*          Total Fillers and Decap: 39410
-----------------------------------------------------------------------------------------

